
=== MinecraftBuild crash ===
Traceback (most recent call last):
  File "C:\Users\三井寛人\AppData\Local\Programs\Python\Python312\Lib\site-packages\ursina\main.py", line 190, in _update
    seq.update()
  File "C:\Users\三井寛人\AppData\Local\Programs\Python\Python312\Lib\site-packages\ursina\sequence.py", line 137, in update
    f()
  File "C:\Users\三井寛人\AppData\Local\Programs\Python\Python312\Lib\site-packages\ursina\sequence.py", line 15, in __call__
    return self.func(*self.args, **self.kwargs)
           ^^^^^^^^^^^^^^^^^^^^^^^^^^^^^^^^^^^^
  File "C:\Users\三井寛人\Documents\python\PythonMinecraft\main.py", line 508, in _show_title
    title = TitleScreen(on_start=_show_menu, on_multiplayer=_show_multiplayer_menu)
            ^^^^^^^^^^^^^^^^^^^^^^^^^^^^^^^^^^^^^^^^^^^^^^^^^^^^^^^^^^^^^^^^^^^^^^^
  File "C:\Users\三井寛人\Documents\python\PythonMinecraft\title.py", line 14, in __init__
    __main__.app.win.requestProperties(props)
    ^^^^^^^^^^^^
AttributeError: module '__main__' has no attribute 'app'

=== MinecraftBuild crash ===
Traceback (most recent call last):
  File "<frozen runpy>", line 189, in _run_module_as_main
  File "<frozen runpy>", line 112, in _get_module_details
  File "C:\Users\三井寛人\Documents\python\PythonMinecraft\main.py", line 773, in <module>
    app.run()
  File "C:\Users\三井寛人\AppData\Local\Programs\Python\Python312\Lib\site-packages\ursina\main.py", line 369, in run
    super().run()
  File "C:\Users\三井寛人\AppData\Local\Programs\Python\Python312\Lib\site-packages\direct\showbase\ShowBase.py", line 3331, in run
    self.taskMgr.run()
  File "C:\Users\三井寛人\AppData\Local\Programs\Python\Python312\Lib\site-packages\direct\task\Task.py", line 553, in run
    self.step()
  File "C:\Users\三井寛人\AppData\Local\Programs\Python\Python312\Lib\site-packages\direct\task\Task.py", line 504, in step
    self.mgr.poll()
  File "C:\Users\三井寛人\AppData\Local\Programs\Python\Python312\Lib\site-packages\ursina\main.py", line 190, in _update
    seq.update()
  File "C:\Users\三井寛人\AppData\Local\Programs\Python\Python312\Lib\site-packages\ursina\sequence.py", line 137, in update
    f()
  File "C:\Users\三井寛人\AppData\Local\Programs\Python\Python312\Lib\site-packages\ursina\sequence.py", line 15, in __call__
    return self.func(*self.args, **self.kwargs)
           ^^^^^^^^^^^^^^^^^^^^^^^^^^^^^^^^^^^^
  File "C:\Users\三井寛人\Documents\python\PythonMinecraft\main.py", line 508, in _show_title
    title = TitleScreen(on_start=_show_menu, on_multiplayer=_show_multiplayer_menu)
            ^^^^^^^^^^^^^^^^^^^^^^^^^^^^^^^^^^^^^^^^^^^^^^^^^^^^^^^^^^^^^^^^^^^^^^^
  File "C:\Users\三井寛人\Documents\python\PythonMinecraft\title.py", line 14, in __init__
    __main__.app.win.requestProperties(props)
    ^^^^^^^^^^^^
AttributeError: module '__main__' has no attribute 'app'

=== MinecraftBuild crash ===
Traceback (most recent call last):
  File "C:\Users\三井寛人\AppData\Local\Programs\Python\Python312\Lib\site-packages\ursina\main.py", line 190, in _update
    seq.update()
  File "C:\Users\三井寛人\AppData\Local\Programs\Python\Python312\Lib\site-packages\ursina\sequence.py", line 137, in update
    f()
  File "C:\Users\三井寛人\AppData\Local\Programs\Python\Python312\Lib\site-packages\ursina\sequence.py", line 15, in __call__
    return self.func(*self.args, **self.kwargs)
           ^^^^^^^^^^^^^^^^^^^^^^^^^^^^^^^^^^^^
  File "C:\Users\三井寛人\Documents\python\PythonMinecraft\main.py", line 508, in _show_title
    title = TitleScreen(on_start=_show_menu, on_multiplayer=_show_multiplayer_menu)
            ^^^^^^^^^^^^^^^^^^^^^^^^^^^^^^^^^^^^^^^^^^^^^^^^^^^^^^^^^^^^^^^^^^^^^^^
  File "C:\Users\三井寛人\Documents\python\PythonMinecraft\title.py", line 14, in __init__
    __main__.app.win.requestProperties(props)
    ^^^^^^^^^^^^
AttributeError: module '__main__' has no attribute 'app'

=== MinecraftBuild crash ===
Traceback (most recent call last):
  File "<frozen runpy>", line 189, in _run_module_as_main
  File "<frozen runpy>", line 112, in _get_module_details
  File "C:\Users\三井寛人\Documents\python\PythonMinecraft\main.py", line 773, in <module>
    app.run()
  File "C:\Users\三井寛人\AppData\Local\Programs\Python\Python312\Lib\site-packages\ursina\main.py", line 369, in run
    super().run()
  File "C:\Users\三井寛人\AppData\Local\Programs\Python\Python312\Lib\site-packages\direct\showbase\ShowBase.py", line 3331, in run
    self.taskMgr.run()
  File "C:\Users\三井寛人\AppData\Local\Programs\Python\Python312\Lib\site-packages\direct\task\Task.py", line 553, in run
    self.step()
  File "C:\Users\三井寛人\AppData\Local\Programs\Python\Python312\Lib\site-packages\direct\task\Task.py", line 504, in step
    self.mgr.poll()
  File "C:\Users\三井寛人\AppData\Local\Programs\Python\Python312\Lib\site-packages\ursina\main.py", line 190, in _update
    seq.update()
  File "C:\Users\三井寛人\AppData\Local\Programs\Python\Python312\Lib\site-packages\ursina\sequence.py", line 137, in update
    f()
  File "C:\Users\三井寛人\AppData\Local\Programs\Python\Python312\Lib\site-packages\ursina\sequence.py", line 15, in __call__
    return self.func(*self.args, **self.kwargs)
           ^^^^^^^^^^^^^^^^^^^^^^^^^^^^^^^^^^^^
  File "C:\Users\三井寛人\Documents\python\PythonMinecraft\main.py", line 508, in _show_title
    title = TitleScreen(on_start=_show_menu, on_multiplayer=_show_multiplayer_menu)
            ^^^^^^^^^^^^^^^^^^^^^^^^^^^^^^^^^^^^^^^^^^^^^^^^^^^^^^^^^^^^^^^^^^^^^^^
  File "C:\Users\三井寛人\Documents\python\PythonMinecraft\title.py", line 14, in __init__
    __main__.app.win.requestProperties(props)
    ^^^^^^^^^^^^
AttributeError: module '__main__' has no attribute 'app'
